<?xml version="1.0" encoding="UTF-8"?>
<testsuites name="jest tests" tests="69" failures="0" errors="0" time="10.785">
  <testsuite name="@jupyter-ai/persona-manager" errors="0" failures="0" skipped="0" timestamp="2026-08-28T00:39:56" time="2.964" tests="1">
    <testcase classname="@jupyter-ai/persona-manager should be tested" name="@jupyter-ai/persona-manager should be tested" time="0.008">
    </testcase>
  </testsuite>
  <testsuite name="PersonaSessionRegistry" errors="0" failures="0" skipped="0" timestamp="2026-08-28T00:39:55" time="5.794" tests="7">
    <testcase classname="PersonaSessionRegistry routes a personas event to the matching chat by id" name="PersonaSessionRegistry routes a personas event to the matching chat by id" time="0.011">
    </testcase>
    <testcase classname="PersonaSessionRegistry routes persona_state events and builds PersonaSessionState" name="PersonaSessionRegistry routes persona_state events and builds PersonaSessionState" time="0.001">
    </testcase>
    <testcase classname="PersonaSessionRegistry merges partial events, leaving unset attributes unchanged" name="PersonaSessionRegistry merges partial events, leaving unset attributes unchanged" time="0.002">
    </testcase>
    <testcase classname="PersonaSessionRegistry fires the changed signal on updates" name="PersonaSessionRegistry fires the changed signal on updates" time="0.001">
    </testcase>
    <testcase classname="PersonaSessionRegistry tracks per-persona processing and exposes chat-level processing" name="PersonaSessionRegistry tracks per-persona processing and exposes chat-level processing" time="0.001">
    </testcase>
    <testcase classname="PersonaSessionRegistry defaults persona processing to false when the field is absent" name="PersonaSessionRegistry defaults persona processing to false when the field is absent" time="0.001">
    </testcase>
    <testcase classname="PersonaSessionRegistry discards a chat session state on close, freeing memory" name="PersonaSessionRegistry discards a chat session state on close, freeing memory" time="0.001">
    </testcase>
  </testsuite>
  <testsuite name="formatTokens" errors="0" failures="0" skipped="0" timestamp="2026-08-28T00:39:56" time="7.954" tests="9">
    <testcase classname="formatTokens keeps small counts as-is" name="formatTokens keeps small counts as-is" time="0.005">
    </testcase>
    <testcase classname="formatTokens formats thousands with a lowercase k" name="formatTokens formats thousands with a lowercase k" time="0">
    </testcase>
    <testcase classname="formatTokens rounds up to the next tier at the boundary instead of exponential form" name="formatTokens rounds up to the next tier at the boundary instead of exponential form" time="0.001">
    </testcase>
    <testcase classname="formatTokens formats millions" name="formatTokens formats millions" time="0">
    </testcase>
    <testcase classname="formatTokens formats billions" name="formatTokens formats billions" time="0.001">
    </testcase>
    <testcase classname="formatTokensExact renders the full count with separators for hover titles" name="formatTokensExact renders the full count with separators for hover titles" time="0">
    </testcase>
    <testcase classname="formatCost renders USD with a dollar sign" name="formatCost renders USD with a dollar sign" time="0">
    </testcase>
    <testcase classname="formatCost groups thousands" name="formatCost groups thousands" time="0.001">
    </testcase>
    <testcase classname="formatCost renders other currencies with their code" name="formatCost renders other currencies with their code" time="0">
    </testcase>
  </testsuite>
  <testsuite name="buildMessageMetadata" errors="0" failures="0" skipped="0" timestamp="2026-08-28T00:39:56" time="8.057" tests="12">
    <testcase classname="buildMessageMetadata stamps the target persona id" name="buildMessageMetadata stamps the target persona id" time="0.004">
    </testcase>
    <testcase classname="buildMessageMetadata carries a null persona (no one) with nothing to configure" name="buildMessageMetadata carries a null persona (no one) with nothing to configure" time="0.001">
    </testcase>
    <testcase classname="buildMessageMetadata always includes a model spec and settings for a real persona" name="buildMessageMetadata always includes a model spec and settings for a real persona" time="0">
    </testcase>
    <testcase classname="buildMessageMetadata writes the chosen model id and model settings into the model spec" name="buildMessageMetadata writes the chosen model id and model settings into the model spec" time="0.001">
    </testcase>
    <testcase classname="buildMessageMetadata writes general settings (mode and config options) keyed by id" name="buildMessageMetadata writes general settings (mode and config options) keyed by id" time="0">
    </testcase>
    <testcase classname="buildMessageMetadata keeps null values (a null means &quot;use the persona default&quot;)" name="buildMessageMetadata keeps null values (a null means &quot;use the persona default&quot;)" time="0">
    </testcase>
    <testcase classname="emptyPersonaSettings changes nothing (all defaults)" name="emptyPersonaSettings changes nothing (all defaults)" time="0">
    </testcase>
    <testcase classname="applyControlChange routes a model control change to modelId" name="applyControlChange routes a model control change to modelId" time="0">
    </testcase>
    <testcase classname="applyControlChange routes a model-setting change to modelSettings by id" name="applyControlChange routes a model-setting change to modelSettings by id" time="0.001">
    </testcase>
    <testcase classname="applyControlChange routes a general-setting change to settings by id" name="applyControlChange routes a general-setting change to settings by id" time="0">
    </testcase>
    <testcase classname="applyControlChange resets a control to default when the value is null" name="applyControlChange resets a control to default when the value is null" time="0">
    </testcase>
    <testcase classname="applyControlChange does not mutate the input settings" name="applyControlChange does not mutate the input settings" time="0.001">
    </testcase>
  </testsuite>
  <testsuite name="buildControls" errors="0" failures="0" skipped="0" timestamp="2026-08-28T00:39:56" time="8.57" tests="30">
    <testcase classname="buildControls returns nothing when there is no persona state" name="buildControls returns nothing when there is no persona state" time="0.005">
    </testcase>
    <testcase classname="buildControls builds a model control, its model settings, then general settings, in order" name="buildControls builds a model control, its model settings, then general settings, in order" time="0">
    </testcase>
    <testcase classname="buildControls omits the model control when the persona advertises no models" name="buildControls omits the model control when the persona advertises no models" time="0.001">
    </testcase>
    <testcase classname="buildControls carries the persona current value from awareness onto each control" name="buildControls carries the persona current value from awareness onto each control" time="0">
    </testcase>
    <testcase classname="buildControls reflects the user selection on each control" name="buildControls reflects the user selection on each control" time="0.001">
    </testcase>
    <testcase classname="buildControls maps each model option into the control choices" name="buildControls maps each model option into the control choices" time="0.001">
    </testcase>
    <testcase classname="reconcilePersonas accepts a fresh non-empty list" name="reconcilePersonas accepts a fresh non-empty list" time="0">
    </testcase>
    <testcase classname="reconcilePersonas keeps the previous list on a transient empty read" name="reconcilePersonas keeps the previous list on a transient empty read" time="0.001">
    </testcase>
    <testcase classname="reconcilePersonas stays empty when nothing has ever loaded" name="reconcilePersonas stays empty when nothing has ever loaded" time="0">
    </testcase>
    <testcase classname="reconcilePersonaState accepts a fresh non-null read" name="reconcilePersonaState accepts a fresh non-null read" time="0">
    </testcase>
    <testcase classname="reconcilePersonaState keeps the previous state on a transient null read" name="reconcilePersonaState keeps the previous state on a transient null read" time="0.001">
    </testcase>
    <testcase classname="reconcilePersonaState stays null when nothing has ever loaded" name="reconcilePersonaState stays null when nothing has ever loaded" time="0">
    </testcase>
    <testcase classname="reconcileSelection keeps a valid selection" name="reconcileSelection keeps a valid selection" time="0">
    </testcase>
    <testcase classname="reconcileSelection selects the sole persona before any explicit choice" name="reconcileSelection selects the sole persona before any explicit choice" time="0">
    </testcase>
    <testcase classname="reconcileSelection keeps &quot;No one&quot; once the user picked it, even with a sole persona" name="reconcileSelection keeps &quot;No one&quot; once the user picked it, even with a sole persona" time="0">
    </testcase>
    <testcase classname="reconcileSelection replaces an invalid selection with the sole persona before any choice" name="reconcileSelection replaces an invalid selection with the sole persona before any choice" time="0">
    </testcase>
    <testcase classname="reconcileSelection clears an invalid selection once the user has picked" name="reconcileSelection clears an invalid selection once the user has picked" time="0">
    </testcase>
    <testcase classname="reconcileSelection clears an invalid selection among several personas" name="reconcileSelection clears an invalid selection among several personas" time="0">
    </testcase>
    <testcase classname="reconcileSelection makes no decision before personas load" name="reconcileSelection makes no decision before personas load" time="0">
    </testcase>
    <testcase classname="showLoadingPlaceholder shows while the manager is still resolving" name="showLoadingPlaceholder shows while the manager is still resolving" time="0">
    </testcase>
    <testcase classname="showLoadingPlaceholder shows until the first persona-list read lands" name="showLoadingPlaceholder shows until the first persona-list read lands" time="0">
    </testcase>
    <testcase classname="showLoadingPlaceholder hides once the list has been read (an empty chat is empty, not loading)" name="showLoadingPlaceholder hides once the list has been read (an empty chat is empty, not loading)" time="0">
    </testcase>
    <testcase classname="showLoadingPlaceholder hides when resolution failed" name="showLoadingPlaceholder hides when resolution failed" time="0">
    </testcase>
    <testcase classname="showLoadingPlaceholder hides without an awareness channel to wait on" name="showLoadingPlaceholder hides without an awareness channel to wait on" time="0.004">
    </testcase>
    <testcase classname="filterChoices returns everything for an empty query" name="filterChoices returns everything for an empty query" time="0">
    </testcase>
    <testcase classname="filterChoices returns everything for a whitespace-only query" name="filterChoices returns everything for a whitespace-only query" time="0.001">
    </testcase>
    <testcase classname="filterChoices matches case-insensitively as a substring" name="filterChoices matches case-insensitively as a substring" time="0">
    </testcase>
    <testcase classname="filterChoices always keeps the Default row first, even when it would not match" name="filterChoices always keeps the Default row first, even when it would not match" time="0">
    </testcase>
    <testcase classname="filterChoices drops non-Default choices with no match" name="filterChoices drops non-Default choices with no match" time="0.001">
    </testcase>
    <testcase classname="filterChoices handles a Default-only list (no options advertised)" name="filterChoices handles a Default-only list (no options advertised)" time="0">
    </testcase>
  </testsuite>
  <testsuite name="control menus" errors="0" failures="0" skipped="0" timestamp="2026-08-28T00:39:56" time="9.009" tests="10">
    <testcase classname="control menus control dropdown opens titled by a heading that names the menu" name="control menus control dropdown opens titled by a heading that names the menu" time="0.171">
    </testcase>
    <testcase classname="control menus control dropdown opens with the search box focused, so typing filters immediately" name="control menus control dropdown opens with the search box focused, so typing filters immediately" time="0.061">
    </testcase>
    <testcase classname="control menus control dropdown highlights the selected row on open, without moving real focus off the search box" name="control menus control dropdown highlights the selected row on open, without moving real focus off the search box" time="0.072">
    </testcase>
    <testcase classname="control menus control dropdown falls back to the Default row when the selection is stale" name="control menus control dropdown falls back to the Default row when the selection is stale" time="0.035">
    </testcase>
    <testcase classname="control menus control dropdown moves the highlight with the arrow keys, wrapping at both ends" name="control menus control dropdown moves the highlight with the arrow keys, wrapping at both ends" time="0.056">
    </testcase>
    <testcase classname="control menus control dropdown filters rows by the search text, always keeping the Default row" name="control menus control dropdown filters rows by the search text, always keeping the Default row" time="0.059">
    </testcase>
    <testcase classname="control menus control dropdown resets the highlight to the first (filtered) row as the search text changes" name="control menus control dropdown resets the highlight to the first (filtered) row as the search text changes" time="0.055">
    </testcase>
    <testcase classname="control menus control dropdown activates the highlighted row with Enter" name="control menus control dropdown activates the highlighted row with Enter" time="0.056">
    </testcase>
    <testcase classname="control menus control dropdown closes on Escape without selecting anything" name="control menus control dropdown closes on Escape without selecting anything" time="0.042">
    </testcase>
    <testcase classname="control menus overflow menu is labeled and arrows skip the section headings" name="control menus overflow menu is labeled and arrows skip the section headings" time="0.093">
    </testcase>
  </testsuite>
</testsuites>